
> minister-workspace@0.0.0 build
> vite build

[36mvite v7.3.1 [32mbuilding client environment for production...[36m[39m
transforming...
[32mΓ£ô[39m 37 modules transformed.
node.exe : [31mΓ£ù[39m 
Build failed in 3.54s
At line:1 char:1
+ & "C:\Program 
Files\nodejs/node.exe" 
"C:\Program 
Files\nodejs/node_mo ...
+ ~~~~~~~~~~~~~~~~~~~~~~~~~~~~
~~~~~~~~~~~~~~~~~~~~~~~~~~~~~~
~~~~~~~~~~~
    + CategoryInfo          : 
    NotSpecified: ([31mΓ£ù  
  [39m Build failed in 3.54   
 s:String) [], RemoteExcep    
tion
    + FullyQualifiedErrorId : 
    NativeCommandError
 
[31merror during build:
[31m[vite]: Rollup failed to 
resolve import "date-fns" 
from "C:/Users/HP/Desktop/Kitc
hen/Personal/minister-workspac
e/src/components/SharedListMan
ager.jsx".
This is most likely 
unintended because it can 
break your application at 
runtime.
If you do want to externalize 
this module explicitly add it 
to
`build.rollupOptions.external`
[31m
    at viteLog (file:///C:/Use
rs/HP/Desktop/Kitchen/Personal
/minister-workspace/node_modul
es/vite/dist/node/chunks/confi
g.js:33635:57)
    at file:///C:/Users/HP/Des
ktop/Kitchen/Personal/minister
-workspace/node_modules/vite/d
ist/node/chunks/config.js:3366
9:73
    at onwarn (file:///C:/User
s/HP/Desktop/Kitchen/Personal/
minister-workspace/node_module
s/@vitejs/plugin-react/dist/in
dex.js:76:7)
    at file:///C:/Users/HP/Des
ktop/Kitchen/Personal/minister
-workspace/node_modules/vite/d
ist/node/chunks/config.js:3366
9:28
    at onRollupLog (file:///C:
/Users/HP/Desktop/Kitchen/Pers
onal/minister-workspace/node_m
odules/vite/dist/node/chunks/c
onfig.js:33664:63)
    at onLog (file:///C:/Users
/HP/Desktop/Kitchen/Personal/m
inister-workspace/node_modules
/vite/dist/node/chunks/config.
js:33467:4)
    at file:///C:/Users/HP/Des
ktop/Kitchen/Personal/minister
-workspace/node_modules/rollup
/dist/es/shared/node-entry.js:
20981:32
    at Object.logger [as 
onLog] (file:///C:/Users/HP/De
sktop/Kitchen/Personal/ministe
r-workspace/node_modules/rollu
p/dist/es/shared/node-entry.js
:22968:9)
    at ModuleLoader.handleInva
lidResolvedId (file:///C:/User
s/HP/Desktop/Kitchen/Personal/
minister-workspace/node_module
s/rollup/dist/es/shared/node-e
ntry.js:21712:26)
    at file:///C:/Users/HP/Des
ktop/Kitchen/Personal/minister
-workspace/node_modules/rollup
/dist/es/shared/node-entry.js:
21670:26[39m
